2026-10-03 01:15:06.533 [main] INFO  Freerouting v1.9.0 (build-date: 2023-10-30)
2026-10-03 01:15:08.273 [main] INFO  Opening 'v9_dsn_input.dsn'...
java.util.concurrent.CompletionException: javax.net.ssl.SSLHandshakeException: Remote host terminated the handshake
	at java.base/java.util.concurrent.CompletableFuture.encodeRelay(CompletableFuture.java:368)
	at java.base/java.util.concurrent.CompletableFuture.completeRelay(CompletableFuture.java:377)
	at java.base/java.util.concurrent.CompletableFuture$UniCompose.tryFire(CompletableFuture.java:1152)
	at java.base/java.util.concurrent.CompletableFuture.postComplete(CompletableFuture.java:510)
	at java.base/java.util.concurrent.CompletableFuture.completeExceptionally(CompletableFuture.java:2162)
	at java.net.http/jdk.internal.net.http.common.SSLFlowDelegate.stopOnError(SSLFlowDelegate.java:983)
	at java.base/java.util.concurrent.CompletableFuture.uniExceptionally(CompletableFuture.java:990)
	at java.base/java.util.concurrent.CompletableFuture$UniExceptionally.tryFire(CompletableFuture.java:974)
	at java.base/java.util.concurrent.CompletableFuture.postComplete(CompletableFuture.java:510)
	at java.base/java.util.concurrent.CompletableFuture.completeExceptionally(CompletableFuture.java:2162)
	at java.net.http/jdk.internal.net.http.common.SubscriberWrapper$DownstreamPusher.run1(SubscriberWrapper.java:295)
	at java.net.http/jdk.internal.net.http.common.SubscriberWrapper$DownstreamPusher.run(SubscriberWrapper.java:259)
	at java.net.http/jdk.internal.net.http.common.SequentialScheduler$LockingRestartableTask.run(SequentialScheduler.java:205)
	at java.net.http/jdk.internal.net.http.common.SequentialScheduler$CompleteRestartableTask.run(SequentialScheduler.java:149)
	at java.net.http/jdk.internal.net.http.common.SequentialScheduler$SchedulableTask.run(SequentialScheduler.java:230)
	at java.net.http/jdk.internal.net.http.common.SequentialScheduler.runOrSchedule(SequentialScheduler.java:303)
	at java.net.http/jdk.internal.net.http.common.SequentialScheduler.runOrSchedule(SequentialScheduler.java:256)
	at java.net.http/jdk.internal.net.http.common.SubscriberWrapper.errorCommon(SubscriberWrapper.java:419)
	at java.net.http/jdk.internal.net.http.common.SSLFlowDelegate$Reader.errorCommon(SSLFlowDelegate.java:366)
	at java.net.http/jdk.internal.net.http.common.SSLFlowDelegate$Reader.processData(SSLFlowDelegate.java:519)
	at java.net.http/jdk.internal.net.http.common.SSLFlowDelegate$Reader$ReaderDownstreamPusher.run(SSLFlowDelegate.java:268)
	at java.net.http/jdk.internal.net.http.common.SequentialScheduler$LockingRestartableTask.run(SequentialScheduler.java:205)
	at java.net.http/jdk.internal.net.http.common.SequentialScheduler$CompleteRestartableTask.run(SequentialScheduler.java:149)
	at java.net.http/jdk.internal.net.http.common.SequentialScheduler$TryEndDeferredCompleter.complete(SequentialScheduler.java:347)
	at java.net.http/jdk.internal.net.http.common.SequentialScheduler$CompleteRestartableTask.run(SequentialScheduler.java:151)
	at java.net.http/jdk.internal.net.http.common.SequentialScheduler$SchedulableTask.run(SequentialScheduler.java:230)
	at java.base/java.util.concurrent.ThreadPoolExecutor.runWorker(ThreadPoolExecutor.java:1136)
	at java.base/java.util.concurrent.ThreadPoolExecutor$Worker.run(ThreadPoolExecutor.java:635)
	at java.base/java.lang.Thread.run(Thread.java:840)
Caused by: javax.net.ssl.SSLHandshakeException: Remote host terminated the handshake
	at java.net.http/jdk.internal.net.http.common.SSLTube.checkForHandshake(SSLTube.java:595)
	at java.net.http/jdk.internal.net.http.common.SSLTube$SSLTubeFlowDelegate.checkForHandshake(SSLTube.java:156)
	at java.net.http/jdk.internal.net.http.common.SSLFlowDelegate$Reader.processData(SSLFlowDelegate.java:518)
	... 9 more
Caused by: java.lang.RuntimeException: Unexpected error: java.security.InvalidAlgorithmParameterException: the trustAnchors parameter must be non-empty
	at java.base/sun.security.validator.PKIXValidator.<init>(PKIXValidator.java:101)
	at java.base/sun.security.validator.Validator.getInstance(Validator.java:181)
	at java.base/sun.security.ssl.X509TrustManagerImpl.getValidator(X509TrustManagerImpl.java:309)
	at java.base/sun.security.ssl.X509TrustManagerImpl.checkTrustedInit(X509TrustManagerImpl.java:183)
	at java.base/sun.security.ssl.X509TrustManagerImpl.checkTrusted(X509TrustManagerImpl.java:255)
	at java.base/sun.security.ssl.X509TrustManagerImpl.checkServerTrusted(X509TrustManagerImpl.java:144)
	at java.base/sun.security.ssl.CertificateMessage$T13CertificateConsumer.checkServerCerts(CertificateMessage.java:1329)
	at java.base/sun.security.ssl.CertificateMessage$T13CertificateConsumer.onConsumeCertificate(CertificateMessage.java:1226)
	at java.base/sun.security.ssl.CertificateMessage$T13CertificateConsumer.consume(CertificateMessage.java:1169)
	at java.base/sun.security.ssl.SSLHandshake.consume(SSLHandshake.java:396)
	at java.base/sun.security.ssl.HandshakeContext.dispatch(HandshakeContext.java:480)
	at java.base/sun.security.ssl.SSLEngineImpl$DelegatedTask$DelegatedAction.run(SSLEngineImpl.java:1277)
	at java.base/sun.security.ssl.SSLEngineImpl$DelegatedTask$DelegatedAction.run(SSLEngineImpl.java:1264)
	at java.base/java.security.AccessController.doPrivileged(AccessController.java:712)
	at java.base/sun.security.ssl.SSLEngineImpl$DelegatedTask.run(SSLEngineImpl.java:1209)
	at java.base/java.util.ArrayList.forEach(ArrayList.java:1511)
	at java.net.http/jdk.internal.net.http.common.SSLFlowDelegate.lambda$executeTasks$3(SSLFlowDelegate.java:1118)
	at java.net.http/jdk.internal.net.http.HttpClientImpl$DelegatingExecutor.execute(HttpClientImpl.java:157)
	at java.net.http/jdk.internal.net.http.common.SSLFlowDelegate.executeTasks(SSLFlowDelegate.java:1113)
	at java.net.http/jdk.internal.net.http.common.SSLFlowDelegate.doHandshake(SSLFlowDelegate.java:1079)
	at java.net.http/jdk.internal.net.http.common.SSLFlowDelegate$Reader.processData(SSLFlowDelegate.java:484)
	... 9 more
Caused by: java.security.InvalidAlgorithmParameterException: the trustAnchors parameter must be non-empty
	at java.base/java.security.cert.PKIXParameters.setTrustAnchors(PKIXParameters.java:200)
	at java.base/java.security.cert.PKIXParameters.<init>(PKIXParameters.java:120)
	at java.base/java.security.cert.PKIXBuilderParameters.<init>(PKIXBuilderParameters.java:104)
	at java.base/sun.security.validator.PKIXValidator.<init>(PKIXValidator.java:98)
	... 29 more
2026-10-03 01:15:12.346 [main] WARN  Structure.create_board: The DSN file was exported from an old KiCad version that has known compatibility issues. Please update KiCad to version 6 or newer.
2026-10-03 01:15:12.622 [main] WARN  Library.read_padstack_scope: the shape of padstack 'PAD1' is not an area. We will enlarge it as a workaround, but it may result unintended consequences.
2026-10-03 01:15:12.632 [main] WARN  Library.read_padstack_scope: the shape of padstack 'PAD2' is not an area. We will enlarge it as a workaround, but it may result unintended consequences.
2026-10-03 01:15:12.641 [main] WARN  Library.read_padstack_scope: the shape of padstack 'PAD3' is not an area. We will enlarge it as a workaround, but it may result unintended consequences.
2026-10-03 01:15:12.649 [main] WARN  Library.read_padstack_scope: the shape of padstack 'PAD4' is not an area. We will enlarge it as a workaround, but it may result unintended consequences.
2026-10-03 01:15:12.657 [main] WARN  Library.read_padstack_scope: the shape of padstack 'PAD5' is not an area. We will enlarge it as a workaround, but it may result unintended consequences.
2026-10-03 01:15:12.663 [main] WARN  Library.read_padstack_scope: the shape of padstack 'PAD6' is not an area. We will enlarge it as a workaround, but it may result unintended consequences.
2026-10-03 01:15:12.669 [main] WARN  Library.read_padstack_scope: the shape of padstack 'PAD7' is not an area. We will enlarge it as a workaround, but it may result unintended consequences.
2026-10-03 01:15:12.676 [main] WARN  Library.read_padstack_scope: the shape of padstack 'PAD8' is not an area. We will enlarge it as a workaround, but it may result unintended consequences.
2026-10-03 01:15:12.682 [main] WARN  Library.read_padstack_scope: the shape of padstack 'PAD9' is not an area. We will enlarge it as a workaround, but it may result unintended consequences.
2026-10-03 01:15:12.688 [main] WARN  Library.read_padstack_scope: the shape of padstack 'PAD10' is not an area. We will enlarge it as a workaround, but it may result unintended consequences.
2026-10-03 01:15:12.695 [main] WARN  Library.read_padstack_scope: the shape of padstack 'PAD11' is not an area. We will enlarge it as a workaround, but it may result unintended consequences.
2026-10-03 01:15:12.701 [main] WARN  Library.read_padstack_scope: the shape of padstack 'PAD12' is not an area. We will enlarge it as a workaround, but it may result unintended consequences.
2026-10-03 01:15:12.707 [main] WARN  Library.read_padstack_scope: the shape of padstack 'PAD13' is not an area. We will enlarge it as a workaround, but it may result unintended consequences.
2026-10-03 01:15:12.714 [main] WARN  Library.read_padstack_scope: the shape of padstack 'PAD14' is not an area. We will enlarge it as a workaround, but it may result unintended consequences.
2026-10-03 01:15:12.721 [main] WARN  Library.read_padstack_scope: the shape of padstack 'PAD15' is not an area. We will enlarge it as a workaround, but it may result unintended consequences.
2026-10-03 01:15:12.727 [main] WARN  Library.read_padstack_scope: the shape of padstack 'PAD16' is not an area. We will enlarge it as a workaround, but it may result unintended consequences.
2026-10-03 01:15:12.733 [main] WARN  Library.read_padstack_scope: the shape of padstack 'PAD17' is not an area. We will enlarge it as a workaround, but it may result unintended consequences.
2026-10-03 01:15:12.740 [main] WARN  Library.read_padstack_scope: the shape of padstack 'PAD18' is not an area. We will enlarge it as a workaround, but it may result unintended consequences.
2026-10-03 01:15:12.747 [main] WARN  Library.read_padstack_scope: the shape of padstack 'PAD19' is not an area. We will enlarge it as a workaround, but it may result unintended consequences.
2026-10-03 01:15:12.753 [main] WARN  Library.read_padstack_scope: the shape of padstack 'PAD20' is not an area. We will enlarge it as a workaround, but it may result unintended consequences.
2026-10-03 01:15:12.760 [main] WARN  Library.read_padstack_scope: the shape of padstack 'PAD21' is not an area. We will enlarge it as a workaround, but it may result unintended consequences.
2026-10-03 01:15:12.767 [main] WARN  Library.read_padstack_scope: the shape of padstack 'PAD22' is not an area. We will enlarge it as a workaround, but it may result unintended consequences.
2026-10-03 01:15:12.774 [main] WARN  Library.read_padstack_scope: the shape of padstack 'PAD23' is not an area. We will enlarge it as a workaround, but it may result unintended consequences.
2026-10-03 01:15:12.781 [main] WARN  Library.read_padstack_scope: the shape of padstack 'PAD24' is not an area. We will enlarge it as a workaround, but it may result unintended consequences.
2026-10-03 01:15:12.788 [main] WARN  Library.read_padstack_scope: the shape of padstack 'PAD25' is not an area. We will enlarge it as a workaround, but it may result unintended consequences.
2026-10-03 01:15:12.797 [main] WARN  Library.read_padstack_scope: the shape of padstack 'PAD26' is not an area. We will enlarge it as a workaround, but it may result unintended consequences.
2026-10-03 01:15:12.804 [main] WARN  Library.read_padstack_scope: the shape of padstack 'PAD27' is not an area. We will enlarge it as a workaround, but it may result unintended consequences.
2026-10-03 01:15:12.811 [main] WARN  Library.read_padstack_scope: the shape of padstack 'PAD28' is not an area. We will enlarge it as a workaround, but it may result unintended consequences.
2026-10-03 01:15:12.822 [main] WARN  Library.read_padstack_scope: the shape of padstack 'PAD29' is not an area. We will enlarge it as a workaround, but it may result unintended consequences.
2026-10-03 01:15:12.831 [main] WARN  Library.read_padstack_scope: the shape of padstack 'PAD30' is not an area. We will enlarge it as a workaround, but it may result unintended consequences.
2026-10-03 01:15:12.838 [main] WARN  Library.read_padstack_scope: the shape of padstack 'PAD31' is not an area. We will enlarge it as a workaround, but it may result unintended consequences.
2026-10-03 01:15:12.845 [main] WARN  Library.read_padstack_scope: the shape of padstack 'PAD32' is not an area. We will enlarge it as a workaround, but it may result unintended consequences.
2026-10-03 01:15:12.851 [main] WARN  Library.read_padstack_scope: the shape of padstack 'PAD33' is not an area. We will enlarge it as a workaround, but it may result unintended consequences.
2026-10-03 01:15:12.858 [main] WARN  Library.read_padstack_scope: the shape of padstack 'PAD34' is not an area. We will enlarge it as a workaround, but it may result unintended consequences.
2026-10-03 01:15:12.869 [main] WARN  Library.read_padstack_scope: the shape of padstack 'PAD35' is not an area. We will enlarge it as a workaround, but it may result unintended consequences.
2026-10-03 01:15:12.876 [main] WARN  Library.read_padstack_scope: the shape of padstack 'PAD36' is not an area. We will enlarge it as a workaround, but it may result unintended consequences.
2026-10-03 01:15:12.881 [main] WARN  Library.read_padstack_scope: the shape of padstack 'PAD37' is not an area. We will enlarge it as a workaround, but it may result unintended consequences.
2026-10-03 01:15:12.888 [main] WARN  Library.read_padstack_scope: the shape of padstack 'PAD38' is not an area. We will enlarge it as a workaround, but it may result unintended consequences.
2026-10-03 01:15:12.899 [main] WARN  Library.read_padstack_scope: the shape of padstack 'PAD39' is not an area. We will enlarge it as a workaround, but it may result unintended consequences.
2026-10-03 01:15:12.905 [main] WARN  Library.read_padstack_scope: the shape of padstack 'PAD40' is not an area. We will enlarge it as a workaround, but it may result unintended consequences.
2026-10-03 01:15:12.915 [main] WARN  Library.read_padstack_scope: the shape of padstack 'VIA1' is not an area. We will enlarge it as a workaround, but it may result unintended consequences.
2026-10-03 01:15:12.921 [main] WARN  Library.read_padstack_scope: the shape of padstack 'VIA1' is not an area. We will enlarge it as a workaround, but it may result unintended consequences.
2026-10-03 01:15:12.929 [main] WARN  Library.read_padstack_scope: the shape of padstack 'VIA1' is not an area. We will enlarge it as a workaround, but it may result unintended consequences.
2026-10-03 01:15:12.933 [main] WARN  Library.read_padstack_scope: the shape of padstack 'VIA1' is not an area. We will enlarge it as a workaround, but it may result unintended consequences.
2026-10-03 01:15:12.939 [main] WARN  Library.read_padstack_scope: the shape of padstack 'VIA1' is not an area. We will enlarge it as a workaround, but it may result unintended consequences.
2026-10-03 01:15:12.948 [main] WARN  Library.read_padstack_scope: the shape of padstack 'VIA1' is not an area. We will enlarge it as a workaround, but it may result unintended consequences.
2026-10-03 01:15:12.990 [main] WARN  Polygon.winding_number_after_closing: winding number != 0 expected
2026-10-03 01:15:13.030 [main] WARN  Polygon.winding_number_after_closing: winding number != 0 expected
2026-10-03 01:15:13.037 [main] WARN  Polygon.winding_number_after_closing: winding number != 0 expected
2026-10-03 01:15:13.041 [main] WARN  Polygon.winding_number_after_closing: winding number != 0 expected
2026-10-03 01:35:13.530 [main] WARN  Polygon.winding_number_after_closing: winding number != 0 expected
2026-10-03 01:35:13.539 [main] WARN  Polygon.winding_number_after_closing: winding number != 0 expected
2026-10-03 01:35:13.546 [main] WARN  Polygon.winding_number_after_closing: winding number != 0 expected
2026-10-03 01:35:13.551 [main] WARN  Polygon.winding_number_after_closing: winding number != 0 expected
2026-10-03 01:35:13.556 [main] WARN  Polygon.winding_number_after_closing: winding number != 0 expected
2026-10-03 01:35:13.560 [main] WARN  Polygon.winding_number_after_closing: winding number != 0 expected
2026-10-03 01:35:13.571 [main] WARN  Polygon.winding_number_after_closing: winding number != 0 expected
2026-10-03 01:35:13.575 [main] WARN  Polygon.winding_number_after_closing: winding number != 0 expected
2026-10-03 01:35:13.581 [main] WARN  Polygon.winding_number_after_closing: winding number != 0 expected
2026-10-03 01:35:13.595 [main] WARN  Polygon.winding_number_after_closing: winding number != 0 expected
2026-10-03 01:35:13.606 [main] WARN  Polygon.winding_number_after_closing: winding number != 0 expected
2026-10-03 01:35:13.653 [main] WARN  Polygon.winding_number_after_closing: winding number != 0 expected
2026-10-03 01:35:13.662 [main] WARN  Polygon.winding_number_after_closing: winding number != 0 expected
2026-10-03 01:35:13.678 [main] WARN  Polygon.winding_number_after_closing: winding number != 0 expected
2026-10-03 01:35:13.681 [main] WARN  Polygon.winding_number_after_closing: winding number != 0 expected
2026-10-03 01:35:13.689 [main] WARN  Polygon.winding_number_after_closing: winding number != 0 expected
2026-10-03 01:35:13.692 [main] WARN  Polygon.winding_number_after_closing: winding number != 0 expected
2026-10-03 01:35:13.697 [main] WARN  Polygon.winding_number_after_closing: winding number != 0 expected
2026-10-03 01:35:13.702 [main] WARN  Polygon.winding_number_after_closing: winding number != 0 expected
2026-10-03 01:35:13.707 [main] WARN  Polygon.winding_number_after_closing: winding number != 0 expected
2026-10-03 01:35:13.711 [main] WARN  Polygon.winding_number_after_closing: winding number != 0 expected
2026-10-03 01:35:13.743 [main] WARN  Polygon.winding_number_after_closing: winding number != 0 expected
2026-10-03 01:35:13.746 [main] WARN  Polygon.winding_number_after_closing: winding number != 0 expected
2026-10-03 01:35:13.753 [main] WARN  Polygon.winding_number_after_closing: winding number != 0 expected
2026-10-03 01:35:13.756 [main] WARN  Polygon.winding_number_after_closing: winding number != 0 expected
2026-10-03 01:35:13.761 [main] WARN  Polygon.winding_number_after_closing: winding number != 0 expected
2026-10-03 01:35:13.765 [main] WARN  Polygon.winding_number_after_closing: winding number != 0 expected
2026-10-03 01:35:13.772 [main] WARN  Polygon.winding_number_after_closing: winding number != 0 expected
2026-10-03 01:35:13.776 [main] WARN  Polygon.winding_number_after_closing: winding number != 0 expected
2026-10-03 01:35:13.780 [main] WARN  Polygon.winding_number_after_closing: winding number != 0 expected
2026-10-03 01:35:13.785 [main] WARN  Polygon.winding_number_after_closing: winding number != 0 expected
2026-10-03 01:35:13.790 [main] WARN  Polygon.winding_number_after_closing: winding number != 0 expected
2026-10-03 01:35:13.793 [main] WARN  Polygon.winding_number_after_closing: winding number != 0 expected
2026-10-03 01:35:13.797 [main] WARN  Polygon.winding_number_after_closing: winding number != 0 expected
2026-10-03 01:35:13.800 [main] WARN  Polygon.winding_number_after_closing: winding number != 0 expected
2026-10-03 01:35:13.804 [main] WARN  Polygon.winding_number_after_closing: winding number != 0 expected
2026-10-03 01:35:13.808 [main] WARN  Polygon.winding_number_after_closing: winding number != 0 expected
2026-10-03 01:35:13.811 [main] WARN  Polygon.winding_number_after_closing: winding number != 0 expected
2026-10-03 01:35:13.814 [main] WARN  Polygon.winding_number_after_closing: winding number != 0 expected
2026-10-03 01:35:13.818 [main] WARN  Polygon.winding_number_after_closing: winding number != 0 expected
2026-10-03 01:35:13.821 [main] WARN  Polygon.winding_number_after_closing: winding number != 0 expected
2026-10-03 01:35:13.825 [main] WARN  Polygon.winding_number_after_closing: winding number != 0 expected
2026-10-03 01:35:13.829 [main] WARN  Polygon.winding_number_after_closing: winding number != 0 expected
2026-10-03 01:35:13.833 [main] WARN  Polygon.winding_number_after_closing: winding number != 0 expected
2026-10-03 01:35:13.836 [main] WARN  Polygon.winding_number_after_closing: winding number != 0 expected
2026-10-03 01:35:13.840 [main] WARN  Polygon.winding_number_after_closing: winding number != 0 expected
2026-10-03 01:35:13.844 [main] WARN  Polygon.winding_number_after_closing: winding number != 0 expected
2026-10-03 01:35:13.848 [main] WARN  Polygon.winding_number_after_closing: winding number != 0 expected
2026-10-03 01:35:13.851 [main] WARN  Polygon.winding_number_after_closing: winding number != 0 expected
2026-10-03 01:35:13.856 [main] WARN  Polygon.winding_number_after_closing: winding number != 0 expected
2026-10-03 01:35:13.859 [main] WARN  Polygon.winding_number_after_closing: winding number != 0 expected
2026-10-03 01:35:13.863 [main] WARN  Polygon.winding_number_after_closing: winding number != 0 expected
2026-10-03 01:35:13.866 [main] WARN  Polygon.winding_number_after_closing: winding number != 0 expected
2026-10-03 01:35:13.870 [main] WARN  Polygon.winding_number_after_closing: winding number != 0 expected
2026-10-03 01:35:13.873 [main] WARN  Polygon.winding_number_after_closing: winding number != 0 expected
2026-10-03 01:35:13.877 [main] WARN  Polygon.winding_number_after_closing: winding number != 0 expected
2026-10-03 01:35:13.880 [main] WARN  Polygon.winding_number_after_closing: winding number != 0 expected
2026-10-03 01:35:13.884 [main] WARN  Polygon.winding_number_after_closing: winding number != 0 expected
2026-10-03 01:35:13.889 [main] WARN  Polygon.winding_number_after_closing: winding number != 0 expected
2026-10-03 01:35:13.893 [main] WARN  Polygon.winding_number_after_closing: winding number != 0 expected
2026-10-03 01:35:13.897 [main] WARN  Polygon.winding_number_after_closing: winding number != 0 expected
2026-10-03 01:35:13.902 [main] WARN  Polygon.winding_number_after_closing: winding number != 0 expected
2026-10-03 01:35:13.905 [main] WARN  Polygon.winding_number_after_closing: winding number != 0 expected
2026-10-03 01:35:13.909 [main] WARN  Polygon.winding_number_after_closing: winding number != 0 expected
2026-10-03 01:35:13.913 [main] WARN  Polygon.winding_number_after_closing: winding number != 0 expected
2026-10-03 01:35:13.917 [main] WARN  Polygon.winding_number_after_closing: winding number != 0 expected
2026-10-03 01:35:13.922 [main] WARN  Polygon.winding_number_after_closing: winding number != 0 expected
2026-10-03 01:35:13.926 [main] WARN  Polygon.winding_number_after_closing: winding number != 0 expected
2026-10-03 01:35:13.930 [main] WARN  Polygon.winding_number_after_closing: winding number != 0 expected
2026-10-03 01:35:13.934 [main] WARN  Polygon.winding_number_after_closing: winding number != 0 expected
2026-10-03 01:35:13.937 [main] WARN  Polygon.winding_number_after_closing: winding number != 0 expected
2026-10-03 01:35:13.941 [main] WARN  Polygon.winding_number_after_closing: winding number != 0 expected
2026-10-03 01:35:13.946 [main] WARN  Polygon.winding_number_after_closing: winding number != 0 expected
2026-10-03 01:35:13.950 [main] WARN  Polygon.winding_number_after_closing: winding number != 0 expected
2026-10-03 01:35:13.954 [main] WARN  Polygon.winding_number_after_closing: winding number != 0 expected
2026-10-03 01:35:13.958 [main] WARN  Polygon.winding_number_after_closing: winding number != 0 expected
2026-10-03 01:35:13.962 [main] WARN  Polygon.winding_number_after_closing: winding number != 0 expected
2026-10-03 01:35:13.966 [main] WARN  Polygon.winding_number_after_closing: winding number != 0 expected
2026-10-03 01:35:13.970 [main] WARN  Polygon.winding_number_after_closing: winding number != 0 expected
2026-10-03 01:35:13.974 [main] WARN  Polygon.winding_number_after_closing: winding number != 0 expected
2026-10-03 01:35:13.978 [main] WARN  Polygon.winding_number_after_closing: winding number != 0 expected
2026-10-03 01:35:14.067 [main] WARN  Polygon.winding_number_after_closing: winding number != 0 expected
2026-10-03 01:35:14.070 [main] WARN  Polygon.winding_number_after_closing: winding number != 0 expected
2026-10-03 01:35:14.074 [main] WARN  Polygon.winding_number_after_closing: winding number != 0 expected
2026-10-03 01:35:14.077 [main] WARN  Polygon.winding_number_after_closing: winding number != 0 expected
2026-10-03 01:35:14.080 [main] WARN  Polygon.winding_number_after_closing: winding number != 0 expected
2026-10-03 01:35:14.084 [main] WARN  Polygon.winding_number_after_closing: winding number != 0 expected
2026-10-03 01:35:14.087 [main] WARN  Polygon.winding_number_after_closing: winding number != 0 expected
2026-10-03 01:35:14.090 [main] WARN  Polygon.winding_number_after_closing: winding number != 0 expected
2026-10-03 01:35:37.374 [Thread-31] INFO  Starting auto-routing...
2026-10-03 01:36:12.298 [Thread-31] INFO  Auto-routing was completed in 34.91 seconds.
2026-10-03 01:36:12.403 [Thread-31] INFO  Starting route optimization on 1 thread...
2026-10-03 01:36:12.619 [Thread-31] INFO  Route optimization was completed in 0.21 seconds.
2026-10-03 01:36:18.323 [Thread-31] INFO  Saving 'v9_final.ses'...
