2026-10-04 23:42:29.851 [main] INFO  Freerouting v1.9.0 (build-date: 2023-10-30)
2026-10-04 23:42:30.269 [main] INFO  Settings were loaded from freerouting.json
2026-10-04 23:42:31.413 [main] INFO  Opening 'v10_dsn_input.dsn'...
2026-10-04 23:42:42.770 [Thread-1] INFO  Starting auto-routing...
2026-10-04 23:51:35.369 [Thread-1] INFO  Saving '/tmp/freerouting-e66d74a1.frb'...
2026-10-05 00:03:01.370 [Thread-1] INFO  Saving '/tmp/freerouting-e66d74a1.frb'...
2026-10-05 00:12:03.432 [Thread-1] INFO  Saving '/tmp/freerouting-e66d74a1.frb'...
2026-10-05 00:15:26.664 [main] INFO  Freerouting v1.9.0 (build-date: 2023-10-30)
2026-10-05 00:15:27.311 [main] INFO  Settings were loaded from freerouting.json
2026-10-05 00:15:28.505 [main] INFO  Opening 'v10_pass3.frb'...
2026-10-05 00:15:53.188 [Thread-1] INFO  Starting auto-routing...
2026-10-05 00:26:55.205 [Thread-1] INFO  Saving '/tmp/freerouting-72357b20.frb'...
2026-10-05 00:27:22.226 [Thread-1] INFO  Saving '/tmp/freerouting-e66d74a1.frb'...
2026-10-05 00:35:07.444 [Thread-1] INFO  Saving '/tmp/freerouting-72357b20.frb'...
2026-10-05 00:41:41.697 [Thread-1] INFO  Saving '/tmp/freerouting-72357b20.frb'...
2026-10-05 00:47:29.397 [Thread-1] INFO  Saving '/tmp/freerouting-72357b20.frb'...
2026-10-05 00:51:14.537 [Thread-1] INFO  Saving '/tmp/freerouting-72357b20.frb'...
2026-10-05 00:59:04.656 [Thread-1] INFO  Saving '/tmp/freerouting-72357b20.frb'...
2026-10-05 01:02:20.394 [Thread-1] INFO  Saving '/tmp/freerouting-72357b20.frb'...
2026-10-05 01:05:39.820 [Thread-1] INFO  Saving '/tmp/freerouting-72357b20.frb'...
2026-10-05 01:05:40.223 [Thread-1] INFO  Auto-routing was completed in 49 minute(s) 47.00 seconds.
2026-10-05 01:05:40.329 [Thread-1] INFO  Starting route optimization on 1 thread...
2026-10-05 01:13:28.673 [Thread-1] INFO  Route optimization was completed in 7 minute(s) 48.34 seconds and it improved the design by ~0.00%.
2026-10-05 01:13:28.867 [Thread-1] INFO  Saving 'v10_final.ses'...
