2026-09-28 09:23:04.230 [main] INFO  Freerouting v1.9.0 (build-date: 2023-10-30)
2026-09-28 09:23:04.635 [main] ERROR 
No X11 DISPLAY variable was set,
but this program performed an operation which requires it.
java.awt.HeadlessException: 
No X11 DISPLAY variable was set,
but this program performed an operation which requires it.
	at sun.awt.HeadlessToolkit.getScreenSize(HeadlessToolkit.java:186) ~[?:?]
	at app.freerouting.gui.MainApplication.main(MainApplication.java:269) ~[freerouting-1.9.0.jar:unspecified]
2026-09-28 09:23:04.865 [main] ERROR Exception in FRAnalytics.trackAnonymousAction: Cannot invoke "app.freerouting.management.SegmentClient.track(String, String, String, app.freerouting.management.segment.Properties)" because "app.freerouting.management.FRAnalytics.analytics" is null
java.lang.NullPointerException: Cannot invoke "app.freerouting.management.SegmentClient.track(String, String, String, app.freerouting.management.segment.Properties)" because "app.freerouting.management.FRAnalytics.analytics" is null
	at app.freerouting.management.FRAnalytics.trackAnonymousAction(FRAnalytics.java:139) [freerouting-1.9.0.jar:unspecified]
	at app.freerouting.management.FRAnalytics.exceptionThrown(FRAnalytics.java:323) [freerouting-1.9.0.jar:unspecified]
	at app.freerouting.gui.DefaultExceptionHandler.handleException(DefaultExceptionHandler.java:15) [freerouting-1.9.0.jar:unspecified]
	at app.freerouting.gui.DefaultExceptionHandler.uncaughtException(DefaultExceptionHandler.java:29) [freerouting-1.9.0.jar:unspecified]
	at java.lang.ThreadGroup.uncaughtException(ThreadGroup.java:1082) [?:?]
	at java.lang.ThreadGroup.uncaughtException(ThreadGroup.java:1077) [?:?]
	at java.lang.Thread.dispatchUncaughtException(Thread.java:2017) [?:?]
2026-09-28 09:23:40.549 [main] INFO  Freerouting v1.9.0 (build-date: 2023-10-30)
2026-09-28 09:23:40.969 [main] INFO  Settings were loaded from freerouting.json
2026-09-28 09:23:42.170 [main] INFO  Opening 'mini.dsn'...
2026-09-28 09:23:45.957 [main] WARN  Parser.read_scope: unexpected end of file at ''
2026-09-28 09:27:05.759 [main] INFO  Freerouting v1.9.0 (build-date: 2023-10-30)
2026-09-28 09:27:06.185 [main] INFO  Settings were loaded from freerouting.json
2026-09-28 09:27:07.348 [main] INFO  Opening 'mini.dsn'...
2026-09-28 09:27:10.567 [main] WARN  Parser.read_scope: unexpected end of file at ''
2026-09-28 09:30:33.786 [main] INFO  Freerouting v1.9.0 (build-date: 2023-10-30)
2026-09-28 09:30:34.208 [main] INFO  Settings were loaded from freerouting.json
2026-09-28 09:30:35.359 [main] INFO  Opening 'mini2.dsn'...
2026-09-28 09:30:38.679 [main] WARN  Shape.read_polygon_path_scope: number expected at ''
2026-09-28 09:30:38.686 [main] ERROR There are multiple shapes defined in the boundary section of the DSN file. This scenario is not currently supported. If you have more than one board outlines defined, try to merge them into one.
2026-09-28 09:30:38.701 [main] WARN  Structure.create_board: outline missing at ''
2026-09-28 09:34:05.779 [main] INFO  Freerouting v1.9.0 (build-date: 2023-10-30)
2026-09-28 09:34:06.200 [main] INFO  Settings were loaded from freerouting.json
2026-09-28 09:34:07.375 [main] INFO  Opening 'v1.dsn'...
2026-09-28 09:34:10.557 [main] ERROR There was an error while reading DSN file.
java.lang.NullPointerException: Cannot read field "layer_structure" because "routing_board" is null
	at app.freerouting.designforms.specctra.DsnFile.adjust_plane_autoroute_settings(DsnFile.java:92) ~[freerouting-1.9.0.jar:unspecified]
	at app.freerouting.designforms.specctra.DsnFile.read(DsnFile.java:72) ~[freerouting-1.9.0.jar:unspecified]
	at app.freerouting.interactive.BoardHandling.import_design(BoardHandling.java:844) [freerouting-1.9.0.jar:unspecified]
	at app.freerouting.gui.BoardFrame.read(BoardFrame.java:260) [freerouting-1.9.0.jar:unspecified]
	at app.freerouting.gui.MainApplication.create_board_frame(MainApplication.java:588) [freerouting-1.9.0.jar:unspecified]
	at app.freerouting.gui.MainApplication.main(MainApplication.java:362) [freerouting-1.9.0.jar:unspecified]
2026-09-28 09:35:35.964 [main] INFO  Freerouting v1.9.0 (build-date: 2023-10-30)
2026-09-28 09:35:36.393 [main] INFO  Settings were loaded from freerouting.json
2026-09-28 09:35:37.575 [main] INFO  Opening 'v2.dsn'...
2026-09-28 09:35:40.663 [main] ERROR There was an error while reading DSN file.
java.lang.NullPointerException: Cannot read field "layer_structure" because "routing_board" is null
	at app.freerouting.designforms.specctra.DsnFile.adjust_plane_autoroute_settings(DsnFile.java:92) ~[freerouting-1.9.0.jar:unspecified]
	at app.freerouting.designforms.specctra.DsnFile.read(DsnFile.java:72) ~[freerouting-1.9.0.jar:unspecified]
	at app.freerouting.interactive.BoardHandling.import_design(BoardHandling.java:844) [freerouting-1.9.0.jar:unspecified]
	at app.freerouting.gui.BoardFrame.read(BoardFrame.java:260) [freerouting-1.9.0.jar:unspecified]
	at app.freerouting.gui.MainApplication.create_board_frame(MainApplication.java:588) [freerouting-1.9.0.jar:unspecified]
	at app.freerouting.gui.MainApplication.main(MainApplication.java:362) [freerouting-1.9.0.jar:unspecified]
2026-09-28 09:37:06.371 [main] INFO  Freerouting v1.9.0 (build-date: 2023-10-30)
2026-09-28 09:37:06.799 [main] INFO  Settings were loaded from freerouting.json
2026-09-28 09:37:07.982 [main] INFO  Opening 'v3.dsn'...
2026-09-28 09:37:11.140 [main] ERROR There was an error while reading DSN file.
java.lang.NullPointerException: Cannot read field "layer_structure" because "routing_board" is null
	at app.freerouting.designforms.specctra.DsnFile.adjust_plane_autoroute_settings(DsnFile.java:92) ~[freerouting-1.9.0.jar:unspecified]
	at app.freerouting.designforms.specctra.DsnFile.read(DsnFile.java:72) ~[freerouting-1.9.0.jar:unspecified]
	at app.freerouting.interactive.BoardHandling.import_design(BoardHandling.java:844) [freerouting-1.9.0.jar:unspecified]
	at app.freerouting.gui.BoardFrame.read(BoardFrame.java:260) [freerouting-1.9.0.jar:unspecified]
	at app.freerouting.gui.MainApplication.create_board_frame(MainApplication.java:588) [freerouting-1.9.0.jar:unspecified]
	at app.freerouting.gui.MainApplication.main(MainApplication.java:362) [freerouting-1.9.0.jar:unspecified]
2026-09-28 09:38:44.020 [main] INFO  Freerouting v1.9.0 (build-date: 2023-10-30)
2026-09-28 09:38:44.405 [main] INFO  Settings were loaded from freerouting.json
2026-09-28 09:38:45.593 [main] INFO  Opening 'v1.dsn'...
2026-09-28 09:38:48.899 [main] ERROR There was an error while reading DSN file.
java.lang.NullPointerException: Cannot read field "layer_structure" because "routing_board" is null
	at app.freerouting.designforms.specctra.DsnFile.adjust_plane_autoroute_settings(DsnFile.java:92) ~[freerouting-1.9.0.jar:unspecified]
	at app.freerouting.designforms.specctra.DsnFile.read(DsnFile.java:72) ~[freerouting-1.9.0.jar:unspecified]
	at app.freerouting.interactive.BoardHandling.import_design(BoardHandling.java:844) [freerouting-1.9.0.jar:unspecified]
	at app.freerouting.gui.BoardFrame.read(BoardFrame.java:260) [freerouting-1.9.0.jar:unspecified]
	at app.freerouting.gui.MainApplication.create_board_frame(MainApplication.java:588) [freerouting-1.9.0.jar:unspecified]
	at app.freerouting.gui.MainApplication.main(MainApplication.java:362) [freerouting-1.9.0.jar:unspecified]
2026-09-28 09:41:34.076 [main] INFO  Freerouting v1.9.0 (build-date: 2023-10-30)
2026-09-28 09:41:34.513 [main] INFO  Settings were loaded from freerouting.json
2026-09-28 09:41:35.670 [main] INFO  Opening 'm3.dsn'...
2026-09-28 09:41:38.772 [main] ERROR There was an error while reading DSN file.
java.lang.NullPointerException: Cannot read field "layer_structure" because "routing_board" is null
	at app.freerouting.designforms.specctra.DsnFile.adjust_plane_autoroute_settings(DsnFile.java:92) ~[freerouting-1.9.0.jar:unspecified]
	at app.freerouting.designforms.specctra.DsnFile.read(DsnFile.java:72) ~[freerouting-1.9.0.jar:unspecified]
	at app.freerouting.interactive.BoardHandling.import_design(BoardHandling.java:844) [freerouting-1.9.0.jar:unspecified]
	at app.freerouting.gui.BoardFrame.read(BoardFrame.java:260) [freerouting-1.9.0.jar:unspecified]
	at app.freerouting.gui.MainApplication.create_board_frame(MainApplication.java:588) [freerouting-1.9.0.jar:unspecified]
	at app.freerouting.gui.MainApplication.main(MainApplication.java:362) [freerouting-1.9.0.jar:unspecified]
2026-09-28 09:44:13.014 [main] INFO  Freerouting v1.9.0 (build-date: 2023-10-30)
2026-09-28 09:44:13.429 [main] INFO  Settings were loaded from freerouting.json
2026-09-28 09:44:14.685 [main] INFO  Opening 'ref.dsn'...
2026-09-28 09:44:18.047 [main] WARN  Structure.create_board: The DSN file was exported from an old KiCad version that has known compatibility issues. Please update KiCad to version 6 or newer.
