2026-09-28 09:52:00.854 [main] INFO  Freerouting v1.9.0 (build-date: 2023-10-30)
2026-09-28 09:52:01.284 [main] INFO  Settings were loaded from freerouting.json
2026-09-28 09:52:02.504 [main] INFO  Opening 'v8_drone.dsn'...
2026-09-28 09:52:05.819 [main] ERROR There was an error while reading DSN file.
java.lang.NumberFormatException: For input string: "162050001000"
	at java.lang.NumberFormatException.forInputString(NumberFormatException.java:67) ~[?:?]
	at java.lang.Integer.parseInt(Integer.java:668) ~[?:?]
	at java.lang.Integer.valueOf(Integer.java:999) ~[?:?]
	at app.freerouting.designforms.specctra.SpecctraDsnFileReader.next_token(SpecctraDsnFileReader.java:1637) ~[freerouting-1.9.0.jar:unspecified]
	at app.freerouting.designforms.specctra.Shape.read_polygon_path_scope(Shape.java:405) ~[freerouting-1.9.0.jar:unspecified]
	at app.freerouting.designforms.specctra.Shape.read_scope(Shape.java:47) ~[freerouting-1.9.0.jar:unspecified]
	at app.freerouting.designforms.specctra.Structure.read_boundary_scope(Structure.java:269) ~[freerouting-1.9.0.jar:unspecified]
	at app.freerouting.designforms.specctra.Structure.read_scope(Structure.java:859) ~[freerouting-1.9.0.jar:unspecified]
	at app.freerouting.designforms.specctra.ScopeKeyword.read_scope(ScopeKeyword.java:64) ~[freerouting-1.9.0.jar:unspecified]
	at app.freerouting.designforms.specctra.DsnFile.read(DsnFile.java:66) ~[freerouting-1.9.0.jar:unspecified]
	at app.freerouting.interactive.BoardHandling.import_design(BoardHandling.java:844) [freerouting-1.9.0.jar:unspecified]
	at app.freerouting.gui.BoardFrame.read(BoardFrame.java:260) [freerouting-1.9.0.jar:unspecified]
	at app.freerouting.gui.MainApplication.create_board_frame(MainApplication.java:588) [freerouting-1.9.0.jar:unspecified]
	at app.freerouting.gui.MainApplication.main(MainApplication.java:362) [freerouting-1.9.0.jar:unspecified]
2026-09-28 09:59:08.498 [main] INFO  Freerouting v1.9.0 (build-date: 2023-10-30)
2026-09-28 09:59:08.968 [main] INFO  Settings were loaded from freerouting.json
2026-09-28 09:59:10.225 [main] INFO  Opening 'v8_drone.dsn'...
2026-09-28 09:59:14.581 [main] WARN  Structure.create_board: The DSN file was exported from an old KiCad version that has known compatibility issues. Please update KiCad to version 6 or newer.
