2026-09-28 09:41:34.076 [main] INFO  Freerouting v1.9.0 (build-date: 2023-10-30)
2026-09-28 09:41:34.513 [main] INFO  Settings were loaded from freerouting.json
2026-09-28 09:41:35.670 [main] INFO  Opening 'm3.dsn'...
java.util.concurrent.CompletionException: javax.net.ssl.SSLHandshakeException: Remote host terminated the handshake
	at java.base/java.util.concurrent.CompletableFuture.encodeRelay(CompletableFuture.java:368)
	at java.base/java.util.concurrent.CompletableFuture.completeRelay(CompletableFuture.java:377)
	at java.base/java.util.concurrent.CompletableFuture$UniCompose.tryFire(CompletableFuture.java:1152)
	at java.base/java.util.concurrent.CompletableFuture.postComplete(CompletableFuture.java:510)
	at java.base/java.util.concurrent.CompletableFuture.completeExceptionally(CompletableFuture.java:2162)
	at java.net.http/jdk.internal.net.http.common.SSLFlowDelegate.stopOnError(SSLFlowDelegate.java:983)
	at java.base/java.util.concurrent.CompletableFuture.uniExceptionally(CompletableFuture.java:990)
	at java.base/java.util.concurrent.CompletableFuture$UniExceptionally.tryFire(CompletableFuture.java:974)
	at java.base/java.util.concurrent.CompletableFuture.postComplete(CompletableFuture.java:510)
	at java.base/java.util.concurrent.CompletableFuture.completeExceptionally(CompletableFuture.java:2162)
	at java.net.http/jdk.internal.net.http.common.SubscriberWrapper$DownstreamPusher.run1(SubscriberWrapper.java:295)
	at java.net.http/jdk.internal.net.http.common.SubscriberWrapper$DownstreamPusher.run(SubscriberWrapper.java:259)
	at java.net.http/jdk.internal.net.http.common.SequentialScheduler$LockingRestartableTask.run(SequentialScheduler.java:205)
	at java.net.http/jdk.internal.net.http.common.SequentialScheduler$CompleteRestartableTask.run(SequentialScheduler.java:149)
	at java.net.http/jdk.internal.net.http.common.SequentialScheduler$SchedulableTask.run(SequentialScheduler.java:230)
	at java.net.http/jdk.internal.net.http.common.SequentialScheduler.runOrSchedule(SequentialScheduler.java:303)
	at java.net.http/jdk.internal.net.http.common.SequentialScheduler.runOrSchedule(SequentialScheduler.java:256)
	at java.net.http/jdk.internal.net.http.common.SubscriberWrapper.errorCommon(SubscriberWrapper.java:419)
	at java.net.http/jdk.internal.net.http.common.SSLFlowDelegate$Reader.errorCommon(SSLFlowDelegate.java:366)
	at java.net.http/jdk.internal.net.http.common.SSLFlowDelegate$Reader.processData(SSLFlowDelegate.java:519)
	at java.net.http/jdk.internal.net.http.common.SSLFlowDelegate$Reader$ReaderDownstreamPusher.run(SSLFlowDelegate.java:268)
	at java.net.http/jdk.internal.net.http.common.SequentialScheduler$LockingRestartableTask.run(SequentialScheduler.java:205)
	at java.net.http/jdk.internal.net.http.common.SequentialScheduler$CompleteRestartableTask.run(SequentialScheduler.java:149)
	at java.net.http/jdk.internal.net.http.common.SequentialScheduler$TryEndDeferredCompleter.complete(SequentialScheduler.java:347)
	at java.net.http/jdk.internal.net.http.common.SequentialScheduler$CompleteRestartableTask.run(SequentialScheduler.java:151)
	at java.net.http/jdk.internal.net.http.common.SequentialScheduler$SchedulableTask.run(SequentialScheduler.java:230)
	at java.base/java.util.concurrent.ThreadPoolExecutor.runWorker(ThreadPoolExecutor.java:1136)
	at java.base/java.util.concurrent.ThreadPoolExecutor$Worker.run(ThreadPoolExecutor.java:635)
	at java.base/java.lang.Thread.run(Thread.java:840)
Caused by: javax.net.ssl.SSLHandshakeException: Remote host terminated the handshake
	at java.net.http/jdk.internal.net.http.common.SSLTube.checkForHandshake(SSLTube.java:595)
	at java.net.http/jdk.internal.net.http.common.SSLTube$SSLTubeFlowDelegate.checkForHandshake(SSLTube.java:156)
	at java.net.http/jdk.internal.net.http.common.SSLFlowDelegate$Reader.processData(SSLFlowDelegate.java:518)
	... 9 more
Caused by: java.lang.RuntimeException: Unexpected error: java.security.InvalidAlgorithmParameterException: the trustAnchors parameter must be non-empty
	at java.base/sun.security.validator.PKIXValidator.<init>(PKIXValidator.java:101)
	at java.base/sun.security.validator.Validator.getInstance(Validator.java:181)
	at java.base/sun.security.ssl.X509TrustManagerImpl.getValidator(X509TrustManagerImpl.java:309)
	at java.base/sun.security.ssl.X509TrustManagerImpl.checkTrustedInit(X509TrustManagerImpl.java:183)
	at java.base/sun.security.ssl.X509TrustManagerImpl.checkTrusted(X509TrustManagerImpl.java:255)
	at java.base/sun.security.ssl.X509TrustManagerImpl.checkServerTrusted(X509TrustManagerImpl.java:144)
	at java.base/sun.security.ssl.CertificateMessage$T13CertificateConsumer.checkServerCerts(CertificateMessage.java:1329)
	at java.base/sun.security.ssl.CertificateMessage$T13CertificateConsumer.onConsumeCertificate(CertificateMessage.java:1226)
	at java.base/sun.security.ssl.CertificateMessage$T13CertificateConsumer.consume(CertificateMessage.java:1169)
	at java.base/sun.security.ssl.SSLHandshake.consume(SSLHandshake.java:396)
	at java.base/sun.security.ssl.HandshakeContext.dispatch(HandshakeContext.java:480)
	at java.base/sun.security.ssl.SSLEngineImpl$DelegatedTask$DelegatedAction.run(SSLEngineImpl.java:1277)
	at java.base/sun.security.ssl.SSLEngineImpl$DelegatedTask$DelegatedAction.run(SSLEngineImpl.java:1264)
	at java.base/java.security.AccessController.doPrivileged(AccessController.java:712)
	at java.base/sun.security.ssl.SSLEngineImpl$DelegatedTask.run(SSLEngineImpl.java:1209)
	at java.base/java.util.ArrayList.forEach(ArrayList.java:1511)
	at java.net.http/jdk.internal.net.http.common.SSLFlowDelegate.lambda$executeTasks$3(SSLFlowDelegate.java:1118)
	at java.net.http/jdk.internal.net.http.HttpClientImpl$DelegatingExecutor.execute(HttpClientImpl.java:157)
	at java.net.http/jdk.internal.net.http.common.SSLFlowDelegate.executeTasks(SSLFlowDelegate.java:1113)
	at java.net.http/jdk.internal.net.http.common.SSLFlowDelegate.doHandshake(SSLFlowDelegate.java:1079)
	at java.net.http/jdk.internal.net.http.common.SSLFlowDelegate$Reader.processData(SSLFlowDelegate.java:484)
	... 9 more
Caused by: java.security.InvalidAlgorithmParameterException: the trustAnchors parameter must be non-empty
	at java.base/java.security.cert.PKIXParameters.setTrustAnchors(PKIXParameters.java:200)
	at java.base/java.security.cert.PKIXParameters.<init>(PKIXParameters.java:120)
	at java.base/java.security.cert.PKIXBuilderParameters.<init>(PKIXBuilderParameters.java:104)
	at java.base/sun.security.validator.PKIXValidator.<init>(PKIXValidator.java:98)
	... 29 more
WARNING: Runtime environment or build system does not support multi-release JARs. This will impact location-based features.
2026-09-28 09:41:38.772 [main] ERROR There was an error while reading DSN file.
java.lang.NullPointerException: Cannot read field "layer_structure" because "routing_board" is null
	at app.freerouting.designforms.specctra.DsnFile.adjust_plane_autoroute_settings(DsnFile.java:92) ~[freerouting-1.9.0.jar:unspecified]
	at app.freerouting.designforms.specctra.DsnFile.read(DsnFile.java:72) ~[freerouting-1.9.0.jar:unspecified]
	at app.freerouting.interactive.BoardHandling.import_design(BoardHandling.java:844) [freerouting-1.9.0.jar:unspecified]
	at app.freerouting.gui.BoardFrame.read(BoardFrame.java:260) [freerouting-1.9.0.jar:unspecified]
	at app.freerouting.gui.MainApplication.create_board_frame(MainApplication.java:588) [freerouting-1.9.0.jar:unspecified]
	at app.freerouting.gui.MainApplication.main(MainApplication.java:362) [freerouting-1.9.0.jar:unspecified]
2026-09-28 09:41:38.772 [main] ERROR There was an error while reading DSN file.
java.lang.NullPointerException: Cannot read field "layer_structure" because "routing_board" is null
	at app.freerouting.designforms.specctra.DsnFile.adjust_plane_autoroute_settings(DsnFile.java:92) ~[freerouting-1.9.0.jar:unspecified]
	at app.freerouting.designforms.specctra.DsnFile.read(DsnFile.java:72) ~[freerouting-1.9.0.jar:unspecified]
	at app.freerouting.interactive.BoardHandling.import_design(BoardHandling.java:844) [freerouting-1.9.0.jar:unspecified]
	at app.freerouting.gui.BoardFrame.read(BoardFrame.java:260) [freerouting-1.9.0.jar:unspecified]
	at app.freerouting.gui.MainApplication.create_board_frame(MainApplication.java:588) [freerouting-1.9.0.jar:unspecified]
	at app.freerouting.gui.MainApplication.main(MainApplication.java:362) [freerouting-1.9.0.jar:unspecified]
