2026-09-28 11:36:48.966 [main] INFO  Freerouting v1.9.0 (build-date: 2023-10-30)
2026-09-28 11:36:49.369 [main] INFO  Settings were loaded from freerouting.json
2026-09-28 11:36:50.531 [main] INFO  Opening 'teste/corte_motor4.dsn'...
2026-09-28 11:36:53.618 [main] WARN  Structure.create_board: The DSN file was exported from an old KiCad version that has known compatibility issues. Please update KiCad to version 6 or newer.
2026-09-28 11:36:53.797 [main] WARN  Shape.read_polygon_scope: layer name 'F_Cu' not found in layer structure  at 'D_SOD-123'
2026-09-28 11:36:53.808 [main] WARN  Shape.read_polygon_scope: layer name 'F_Cu' not found in layer structure  at 'SOIC-8_3.9x4.9mm_P1.27mm'
2026-09-28 11:36:53.821 [main] WARN  Shape.read_polygon_scope: layer name 'F_Cu' not found in layer structure  at 'SOT-23'
2026-09-28 11:36:53.829 [main] WARN  Shape.read_circle_scope: layer with name 'F_Cu' not found in layer structure.
2026-09-28 11:36:53.834 [main] WARN  Circle.read_circle_scope: layer with name 'F_Cu' not found in layer structure at 'PAD1'
2026-09-28 11:36:53.841 [main] WARN  Library.read_padstack_scope: shape not found for padstack with name 'PAD1'
2026-09-28 11:36:53.845 [main] WARN  Shape.read_circle_scope: layer with name 'F_Cu' not found in layer structure.
2026-09-28 11:36:53.850 [main] WARN  Circle.read_circle_scope: layer with name 'F_Cu' not found in layer structure at 'PAD2'
2026-09-28 11:36:53.855 [main] WARN  Library.read_padstack_scope: shape not found for padstack with name 'PAD2'
2026-09-28 11:36:53.860 [main] WARN  Shape.read_circle_scope: layer with name 'F_Cu' not found in layer structure.
2026-09-28 11:36:53.864 [main] WARN  Circle.read_circle_scope: layer with name 'F_Cu' not found in layer structure at 'PAD3'
2026-09-28 11:36:53.869 [main] WARN  Library.read_padstack_scope: shape not found for padstack with name 'PAD3'
2026-09-28 11:36:53.879 [main] WARN  Library.read_padstack_scope: the shape of padstack 'VIA1' is not an area. We will enlarge it as a workaround, but it may result unintended consequences.
2026-09-28 11:36:53.886 [main] WARN  Library.read_padstack_scope: the shape of padstack 'VIA1' is not an area. We will enlarge it as a workaround, but it may result unintended consequences.
2026-09-28 11:36:53.891 [main] WARN  Library.read_padstack_scope: the shape of padstack 'VIA1' is not an area. We will enlarge it as a workaround, but it may result unintended consequences.
2026-09-28 11:36:53.898 [main] WARN  Library.read_padstack_scope: the shape of padstack 'VIA1' is not an area. We will enlarge it as a workaround, but it may result unintended consequences.
2026-09-28 11:36:53.904 [main] WARN  Library.read_padstack_scope: the shape of padstack 'VIA1' is not an area. We will enlarge it as a workaround, but it may result unintended consequences.
2026-09-28 11:36:53.910 [main] WARN  Library.read_padstack_scope: the shape of padstack 'VIA1' is not an area. We will enlarge it as a workaround, but it may result unintended consequences.
2026-09-28 11:36:53.921 [main] WARN  Library.read_scope: board padstack not found at 'VIA1'
